########################################################################################################################
###    ####################################  i  #################################################################  #####
##   S  ######################  #########         ###############     ##################   ###############            ##
##      #####################    #######           #### #########      ########### #### i  ########    i               #
##      ###################                         ##   ########       #########  ###     ###############             #
##      ##################                          ###   ######             ####  ###    ###################         ##
#        ##############                             ###   #####               ### ####   ####################        ###
#        #############        i                      #    ####                 ## ####   ####################        ###
##       ##############                                  #####       ##         # ###     ##################         ###
##       ### i ############                             ######      ####          ##       ################           ##
##       ##    ############                             ######     ########                 #######  ######           ##
#              ############   ###                        ##      ###########                ######   #######          ##
#               ###########  #####               ##          ########  ######              ######    ########        ###
#                #################               ##       ##########            #####      #####     ##########      ###
##     #####          ###########    #          ###       #########      #############               ###########     ###
##    #######           ########    ###         ####      #########       ############      ###       ###########     ##
##    #######            ######    ####        #####      #########       ###########       ###       ###########     ##
##    #######             ####    #####       #####      #########       ####  ######       ####       #########      ##
#      ######              ###    ####        ####      #########       ####    #####       ####                     ###
#       ######             ###   ####         ###       ########        ####      ####      ####           #####     ###
#        #####             ###  ####                     #######         ###       ###      ####   ##      ######     ##
##        ####              #   ####                     #######   ##     ###       #      ###########     #######     #
#####      ##                   ####                     ######## ####     #####           ############    ########    #
######                           ##                     ##############     ######          ############    #########  ##
######                                                  #############       #####           ##########     #############
######         ###                     ####             #############       ####               #####        ############
######      #########                 ######            ##############      ####                ###           ##########
#######    #############       ##############     ###  ################    #####     ######     ####           #########
#######       ################################  ##########################  ################   ##########     ##########
#######         ##########    ################ ############################  ################     ######################
#######  ################   ##################   ##########################      ##############       ##################
###     #########  ######   ####################     #########    ############       ########    #######################
##          ####    ####   #########  #########         #####       ###  #####  ####    ###### ####################  ###
##           ##     ####  #########       ####  ######          #         ###             ##########  ############    ##
##       #          ###    ###                 ########  #####   ###   #  ###              ########    ######  ###    ##
##      ###        ###                        #########  ######   ######   #  ##           ######     ######    ###  ###
##       ##         #                        ##########   ######  ######      ##  ##        ####   #  ######    ########
##       ###           ##             ###    #########     #####  ### #       #   ##   #     ##   ###  ######   ########
##       ######       ####           #####    #####        ######         ##           ##        ####     ##     #######
###     #########    #####           ######   #####        ######         ##           #       ##     #             ####
###########################           #####   #######     ######   ###   ##                #   ##      ###           ###
#############   ###########             ##    ########    ######   ###  ##   ###    ##     ##  ##  ##  ###    ##     ###
############         #######                   #######    ###########  ###  ####   ###             ###  ##  ####     ###
###########           ########      ###            ##    ###########   ##  #####   ##               #   #   ####    ####
###  #####             #########   ##########            ##########        ######      ###   ##                    #####
##    ###               ######################          ###########  ##     ######    ##########                   #####
###                          ######  #########          ##########  ####       ####   #########                   ######
####                          ###     #######           ########    ####  ##    ##     #######   ##              #######
####                 ##                ##                ######     ###  #####      #   ####    ##                ######
####   ###          ####               #                  ####  ##  ###  ###        ##         #    #      ##      #####
###   #####         ####              ##      ##           ##  ####  ##   ##                 ###   ##     ####      ####
##    ########      #####            ####    ####                 #  ###  #  ##          #  ###  ###     #####      ####
##    #########     #####            ####    ####                    ####     #   ##        ##  ###    #######      ####
##     ######       #####             ##     ####   ##     #######    ###                       ###   #######    #######
##      ##          #####                    ####  ####    ########                      ##     ###   #######   ########
###                 ####         ###        ############  ##########                 #######    ####   #####    ########
###            ##  ###### ###   ####################################              ###########  ######           ########
####          #######################################################    ####    ######################        #########
######  ####################################################################### ########################################
########################################################################################################################
